[www.sih.gov.in/img/favicon-sih.png]
[backblue.gif]
[fade.gif]
[index.html]
[www.sih.gov.in/lib/jquery-3.0.0.min.js]
[www.sih.gov.in/lib/bootstrap-3.3.7/js/bootstrap.min.js]
[stackpath.bootstrapcdn.com/font-awesome/4.7.0/css/font-awesome.min.css]
[www.sih.gov.in/js/typeahead.js]
[www.sih.gov.in/img/logo.png]
[www.sih.gov.in/dataTable/js/jquery.dataTables.js]
[www.sih.gov.in/img/banner_problem_statement.png]
[www.sih.gov.in/uploads/logo/20181207232228.png]
[www.sih.gov.in/uploads/logo/20181129125908.jpg]
[www.sih.gov.in/uploads/logo/20181129175247.png]
[www.sih.gov.in/uploads/logo/20181120153914.png]
[www.sih.gov.in/uploads/logo/20181205101136.jpg]
[www.sih.gov.in/img/footer_logo.png]
[www.sih.gov.in/img/sih_app_icon.png]
[www.sih.gov.in/img/fb-icon.png]
[www.sih.gov.in/img/twitter-icon.png]
[www.sih.gov.in/img/instagram-logo-white.png]
[www.sih.gov.in/js/common.js]
[www.sih.gov.in/sih2019ProblemStatements.html]
[www.sih.gov.in/lib/bootstrap-3.3.7/fonts/glyphicons-halflings-regular.eot]
[www.sih.gov.in/lib/bootstrap-3.3.7/fonts/glyphicons-halflings-regulard41d.eot]
[www.sih.gov.in/lib/bootstrap-3.3.7/fonts/glyphicons-halflings-regular.woff]
[www.sih.gov.in/lib/bootstrap-3.3.7/fonts/glyphicons-halflings-regular.ttf]
[www.sih.gov.in/lib/bootstrap-3.3.7/css/bootstrap.min.css]
[stackpath.bootstrapcdn.com/font-awesome/4.7.0/css/font-awesome.min.css]
[www.sih.gov.in/img/scroll-to-top.png]
[www.sih.gov.in/img/YouTube_Play_Button_inactive.png]
[www.sih.gov.in/img/YouTube_Play_Button.png]
[www.sih.gov.in/img/speaker-icon.png]
[www.sih.gov.in/img/carousel-left.png]
[www.sih.gov.in/img/carousel-right.png]
[www.sih.gov.in/img/li-icon.png]
[www.sih.gov.in/img/message-icon-dark.png]
[www.sih.gov.in/img/phone-icon-dark.png]
[www.sih.gov.in/img/twitter-icon-dark.png]
[www.sih.gov.in/img/fb-icon-dark.png]
[www.sih.gov.in/img/send-icon-dark.png]
[www.sih.gov.in/img/news-channels/timesofindia.png]
[www.sih.gov.in/img/news-channels/pib.png]
[www.sih.gov.in/img/news-channels/tech2.png]
[www.sih.gov.in/img/news-channels/ndtv_logo.png]
[www.sih.gov.in/img/news-channels/hindustan-times.png]
[www.sih.gov.in/img/news-channels/news18.png]
[www.sih.gov.in/img/news-channels/ciol-news.jpg]
[www.sih.gov.in/img/news-channels/narendra-modi.png]
[www.sih.gov.in/img/news-channels/the-quint.png]
[www.sih.gov.in/img/news-channels/UNI-logo.png]
[www.sih.gov.in/img/news-channels/digit.png]
[www.sih.gov.in/img/news-channels/simpli-city.jpg]
[www.sih.gov.in/img/news-channels/bengalore-mirror.png]
[www.sih.gov.in/img/news-channels/league-of-india.png]
[www.sih.gov.in/img/bg.png]
[www.sih.gov.in/css/style.css]
[www.sih.gov.in/img/banner_SIH2019_1_new.jpg]
[www.sih.gov.in/img/banner_SIH2019_2_new.jpg]
[www.sih.gov.in/img/banner_SIH2019_3_new.jpg]
[www.sih.gov.in/img/1.jpg]
[www.sih.gov.in/img/2.jpg]
[www.sih.gov.in/img/3.jpg]
[www.sih.gov.in/img/partner-supporters/mhrd-logo.png]
[www.sih.gov.in/img/partner-supporters/aicte-logo.png]
[www.sih.gov.in/img/partner-supporters/persistent-logo.png]
[www.sih.gov.in/img/partner-supporters/i4c-logo.png]
[www.sih.gov.in/img/partner-supporters/rambhau-mhalagi-prabodhini-logo.png]
[www.sih.gov.in/img/partner-supporters/MIC_logo_name.jpg]
[www.sih.gov.in/img/cisco_devnet.png]
[www.sih.gov.in/img/traning-banner.jpg]
[www.sih.gov.in/img/SIH-2017.png]
[www.sih.gov.in/img/SIH-2018-sw.png]
[www.sih.gov.in/img/SIH-2018-hw.png]
[www.sih.gov.in/index.html]
[www.sih.gov.in/img/banner_SIH2017.png]
[www.sih.gov.in/pdf/smart_india_hackathon_2018_result.pdf]
[www.sih.gov.in/pdf/SIH-2018-Hardware-Grand-Finale-Winners.pdf]
[www.sih.gov.in/img/img_partner_btn.png]
[www.sih.gov.in/img/img_medle_bg.png]
[www.sih.gov.in/img/people/anil-sahasrabudhe.png]
[www.sih.gov.in/img/people/Anand_Deshpande.png]
[www.sih.gov.in/img/people/abhay_jere.png]
[www.sih.gov.in/img/people/Gireendra-Kasmalkar.png]
[www.sih.gov.in/img/people/adesh-gokhale.png]
[www.sih.gov.in/img/people/C-Manivannan.png]
[www.sih.gov.in/img/people/r-venkatesh.png]
[www.sih.gov.in/img/partner-supporters/nic-logo.png]
[www.sih.gov.in/img/partner-supporters/mygov-logo.png]
[www.sih.gov.in/sih2017.html]
[www.sih.gov.in/img/banner_SIH2018.png]
[www.sih.gov.in/img/SIH_2018_logo.png]
[www.sih.gov.in/img/btn_download_app_google_play_icon.png]
[www.sih.gov.in/img/events/sih-2018-software/sih-2018-grand-finale-inoguration-mr-prakar-javadekar.png]
[www.sih.gov.in/img/events/sih-2018-software/sih-2018-grand-finale-mr-nitin-gadkari.png]
[www.sih.gov.in/img/events/sih-2018-software/sih-2018-grand-finale-inoguration-3.png]
[www.sih.gov.in/img/events/sih-2018-software/sih-2018-minister-interacting-students-1.png]
[www.sih.gov.in/img/events/sih-2018-software/sih-2018-minister-interacting-students-2.png]
[www.sih.gov.in/img/events/sih-2018-software/sih-2018-minister-interacting-students-3.png]
[www.sih.gov.in/img/events/sih-2018-software/sih-2018-minister-interacting-students-4.png]
[www.sih.gov.in/img/events/sih-2018-software/sih-2018-minister-interacting-students-5.png]
[www.sih.gov.in/img/events/sih-2018-software/sih-2018-minister-interacting-students-6.png]
[www.sih.gov.in/img/events/sih-2018-software/sih-2018-minister-interacting-students-7.png]
[www.sih.gov.in/img/events/sih-2018-software/sih-2018-minister-interacting-students-8.png]
[www.sih.gov.in/img/events/sih-2018-software/sih-2018-minister-interacting-students-9.png]
[www.sih.gov.in/img/events/sih-2018-software/sih-2018-minister-interacting-students-10.png]
[www.sih.gov.in/img/events/sih-2018-software/sih-2018-winner-1.png]
[www.sih.gov.in/img/events/sih-2018-software/sih-2018-winner-2.png]
[www.sih.gov.in/img/events/sih-2018-software/sih-2018-winner-3.png]
[www.sih.gov.in/img/events/sih-2018-software/sih-2018-winner-4.png]
[www.sih.gov.in/img/events/sih-2018-software/sih-2018-winner-5.png]
[www.sih.gov.in/img/events/sih-2018-software/sih-2018-winner-6.png]
[www.sih.gov.in/img/events/sih-2018-software/sih-2018-winner-7.png]
[www.sih.gov.in/img/events/sih-2018-software/sih-2018-winner-8.png]
[www.sih.gov.in/img/events/sih-2018-software/sih-2018-winner-9.png]
[www.sih.gov.in/img/events/sih-2018-software/sih-2018-winner-10.png]
[www.sih.gov.in/img/events/sih-2018-software/img_our_reach.png]
[www.sih.gov.in/img/events/sih-2018-software/img_responce.png]
[www.sih.gov.in/img/events/sih-2018-software/img_grand_finale.png]
[www.sih.gov.in/img/people/prakash-javadekar.png]
[www.sih.gov.in/img/people/k-k-sharma.png]
[www.sih.gov.in/img/people/r-subrahmanyam.png]
[www.sih.gov.in/img/people/dr-vinay-sahasrabuddhe.png]
[www.sih.gov.in/img/people/arun-jamkar.png]
[www.sih.gov.in/img/people/mukund-madhavan.png]
[www.sih.gov.in/img/people/r-venkateswaran.png]
[www.sih.gov.in/img/people/Mahesh_Lalge.png]
[www.sih.gov.in/img/people/ajey-gotkhindikar.png]
[www.sih.gov.in/img/people/siddalingaswamy.png]
[www.sih.gov.in/img/people/disha-singh.png]
[www.sih.gov.in/img/partner-supporters/cisco-logo.png]
[www.sih.gov.in/img/partner-supporters/deloitte-logo.png]
[www.sih.gov.in/img/partner-supporters/kpit-logo.png]
[www.sih.gov.in/img/partner-supporters/cdk-global-logo.png]
[www.sih.gov.in/img/partner-supporters/axis-cades-logo.png]
[www.sih.gov.in/img/partner-supporters/img_logo_social-media-partners.png]
[www.sih.gov.in/img/partner-supporters/air-logo.png]
[www.sih.gov.in/img/partner-supporters/doordarshan-logo.png]
[www.sih.gov.in/img/partner-supporters/suma-soft-logo.png]
[www.sih.gov.in/img/partner-supporters/armita-vishwa-vidyapitham-logo.png]
[www.sih.gov.in/sih2018Software.html]
[www.sih.gov.in/img/icon_communication.png]
[www.sih.gov.in/img/closeIcon.png]
[www.sih.gov.in/img/people/jagdish-mitra.png]
[www.sih.gov.in/img/people/jatinder-pal-singh-sehdev.png]
[www.sih.gov.in/img/people/raja-roy.png]
[www.sih.gov.in/img/icon_healthcare.png]
[www.sih.gov.in/img/people/ajay-bhagwat.png]
[www.sih.gov.in/img/people/dr-shyam-vasudeorao.png]
[www.sih.gov.in/img/people/sasidharan-chinnaraj.png]
[www.sih.gov.in/img/icon_water.png]
[www.sih.gov.in/img/people/dr-raman-venkatesh.png]
[www.sih.gov.in/img/people/sudesh-menon.png]
[www.sih.gov.in/img/icon_agriculture.png]
[www.sih.gov.in/img/people/hemendra-mathur.png]
[www.sih.gov.in/img/icon_automobiles.png]
[www.sih.gov.in/img/people/bvr-subbu.png]
[www.sih.gov.in/img/people/dr-purnendu-sinha.png]
[www.sih.gov.in/img/people/sant-ranjan.png]
[www.sih.gov.in/img/icon_waste.png]
[www.sih.gov.in/img/people/ravi-arora.png]
[www.sih.gov.in/img/people/dr-s-manigandan.png]
[www.sih.gov.in/img/icon_technology.png]
[www.sih.gov.in/img/people/antony-cherukara.png]
[www.sih.gov.in/img/people/pramod-ekbote.png]
[www.sih.gov.in/img/icon_drone.png]
[www.sih.gov.in/img/people/piyush-mishra.png]
[www.sih.gov.in/img/people/aniket-kulkarni.png]
[www.sih.gov.in/img/icon_education.png]
[www.sih.gov.in/img/people/rcm-reddy.png]
[www.sih.gov.in/img/people/manas-pattnaik.png]
[www.sih.gov.in/img/icon_security.png]
[www.sih.gov.in/img/people/mritunjay-singh.png]
[www.sih.gov.in/img/people/sanjay-katkar.png]
[www.sih.gov.in/img/people/vinay-golla.png]
[www.sih.gov.in/img/icon_import.png]
[www.sih.gov.in/img/people/rajendrra-lelle.png]
[www.sih.gov.in/img/people/prof-partha-chakrabarty.png]
[www.sih.gov.in/img/people/dr-s-christopher.png]
[www.sih.gov.in/img/people/ms-arundhati-bhattacharya.png]
[www.sih.gov.in/img/people/hemant-joshi.png]
[www.sih.gov.in/img/people/dr-gopichand-katragadda.png]
[www.sih.gov.in/img/people/satish-gokhale.png]
[www.sih.gov.in/img/people/terri-bresenham.png]
[www.sih.gov.in/img/people/harkesh-kumar-mittal.png]
[www.sih.gov.in/img/people/mahesh-bhandari.png]
[www.sih.gov.in/img/partner-supporters/adi-logo.png]
[www.sih.gov.in/img/partner-supporters/IIT_Kanpur.png]
[www.sih.gov.in/img/partner-supporters/IIT_Kharagpur.png]
[www.sih.gov.in/img/partner-supporters/IIT_Guwahati.png]
[www.sih.gov.in/img/partner-supporters/CEERI-Pilani.png]
[www.sih.gov.in/img/partner-supporters/IISc_Bengaluru.png]
[www.sih.gov.in/img/partner-supporters/NIT_Trichy.png]
[www.sih.gov.in/img/partner-supporters/COEP_Pune.png]
[www.sih.gov.in/img/partner-supporters/Forge_Coimbatore.png]
[www.sih.gov.in/sih2018Hardware.html]
[www.sih.gov.in/img/banner_SIH2019.png]
[www.sih.gov.in/img/SIH-editions-img.png]
[www.sih.gov.in/img/icon_renewable.png]
[www.sih.gov.in/img/people/s.s.sandhu.png]
[www.sih.gov.in/img/people/vk.png]
[www.sih.gov.in/img/people/mohit-gambhir.png]
[www.sih.gov.in/img/people/abhijit-karmakar.png]
[www.sih.gov.in/img/people/prof-shailendra-varshney.png]
[www.sih.gov.in/img/people/hemangee-kapoor.png]
[www.sih.gov.in/img/partner-supporters/KPITlogo.png]
[www.sih.gov.in/img/partner-communication/Logo_SumaSoft.jpg]
[www.sih.gov.in/sih2019.html]
[www.sih.gov.in/img/banner_media.png]
[www.sih.gov.in/mediaNewsUpdate.html]
[www.sih.gov.in/img/md-blog-icon.png]
[www.sih.gov.in/img/md-twitter-icon.png]
[www.sih.gov.in/img/md-facebook-icon.png]
[www.sih.gov.in/mediaSocialMedia.html]
[www.sih.gov.in/importantResources.html]
[www.sih.gov.in/img/banner_support.png]
[www.sih.gov.in/letters/SIH_17_01_2019 Workshop PPT.pdf]
[www.sih.gov.in/img/pdf.png]
[www.sih.gov.in/pdf/SPOC_FAQs.pdf]
[www.sih.gov.in/letters/Student FAQs.pdf]
[www.sih.gov.in/faqs.html]
[www.sih.gov.in/img/Insta_black.png]
[www.sih.gov.in/contactUs.html]
[www.sih.gov.in/img/loader.gif]
[www.sih.gov.in/knowYourCollegeSPOC.html]
[ajax.googleapis.com/ajax/libs/jquery/1.9.1/jquery.js]
[maxcdn.bootstrapcdn.com/bootstrap/3.3.6/js/bootstrap.min.js]
[www.sih.gov.in/grievance.html]
[cdn.jsdelivr.net/jquery.validation/1.16.0/jquery.validate.min.js]
[www.sih.gov.in/signin.html]
[www.sih.gov.in/dataTable/images/sort_both.png]
[www.sih.gov.in/dataTable/images/sort_asc.png]
[www.sih.gov.in/dataTable/images/sort_desc.png]
[www.sih.gov.in/dataTable/css/jquery.dataTables.css]
[www.sih.gov.in/uploads/logo/no_image.png]
[www.sih.gov.in/uploads/logo/20181129123230.png]
[www.sih.gov.in/uploads/logo/20181215151910.jpg]
[www.sih.gov.in/uploads/logo/20181127180404.png]
[www.sih.gov.in/uploads/logo/20181128163140.png]
[www.sih.gov.in/sih2019ProblemStatements4658.html]
[www.sih.gov.in/uploads/logo/20181106180710.png]
[www.sih.gov.in/uploads/logo/20181127154957.png]
[www.sih.gov.in/uploads/logo/20190107123031.png]
[www.sih.gov.in/uploads/logo/20181113142631.png]
[www.sih.gov.in/sih2019ProblemStatements9ba9.html]
[www.sih.gov.in/uploads/logo/20181128103407.png]
[www.sih.gov.in/uploads/logo/20181129183117.png]
[www.sih.gov.in/sih2019ProblemStatementsfdb0.html]
[www.sih.gov.in/uploads/logo/20181218234004.jpg]
[www.sih.gov.in/sih2019ProblemStatementsaf4d.html]
[www.sih.gov.in/uploads/logo/20190115104915.png]
[www.sih.gov.in/uploads/logo/20181127151501.jpg]
[www.sih.gov.in/uploads/logo/20181213180939.png]
[www.sih.gov.in/sih2019ProblemStatementsc575.html]
[www.sih.gov.in/uploads/logo/20181128104841.jpg]
[www.sih.gov.in/uploads/logo/20181128160930.png]
[www.sih.gov.in/uploads/logo/20181128121314.jpg]
[www.sih.gov.in/sih2019ProblemStatements235c.html]
[www.sih.gov.in/uploads/logo/20181129081006.jpg]
[www.sih.gov.in/uploads/logo/20181123165149.jpg]
[www.sih.gov.in/uploads/logo/20181120175911.png]
[www.sih.gov.in/sih2019ProblemStatementsfdfa.html]
[www.sih.gov.in/uploads/logo/20181211182319.jpg]
[www.sih.gov.in/uploads/logo/20181211182153.jpg]
[www.sih.gov.in/uploads/logo/20181211182247.jpg]
[www.sih.gov.in/uploads/logo/20181211181951.jpg]
[www.sih.gov.in/sih2019ProblemStatements02d1.html]
[www.sih.gov.in/uploads/logo/20181211182405.jpg]
[www.sih.gov.in/uploads/logo/20181212174720.jpg]
[www.sih.gov.in/uploads/logo/20181212175653.jpg]
[www.sih.gov.in/sih2019ProblemStatements6ee8.html]
[www.sih.gov.in/signup.html]
[www.sih.gov.in/letters/Consent_Letter_for_SPOCs_20Dec.doc]
[www.sih.gov.in/collegeRegistration.html]
[www.sih.gov.in/letters/College_Authorization_letter_new_7Jan.docx]
[www.sih.gov.in/studentRegistration.html]
[www.sih.gov.in/uploads/logo/20181214175303.png]
[www.sih.gov.in/sih2019ProblemStatementstudentInnovation.html]
[www.sih.gov.in/lib/bootstrap-3.3.7/fonts/glyphicons-halflings-regular.html]
[www.sih.gov.in/lib/bootstrap-3.3.7/fonts/glyphicons-halflings-regular.svg]
[www.sih.gov.in/img/news-channels/deccen-herald-logo.svg]
[www.sih.gov.in/forgot_password.html]
[www.sih.gov.in/sih2019ProblemStatements2679.html]
[www.sih.gov.in/uploads/logo/20181128000451.png]
[www.sih.gov.in/uploads/logo/20181129105957.jpg]
[www.sih.gov.in/uploads/logo/20181127185223.jpg]
[www.sih.gov.in/uploads/logo/20181128160849.jpg]
[www.sih.gov.in/sih2019ProblemStatements0b08.html]
[www.sih.gov.in/uploads/logo/20181127184902.jpg]
[www.sih.gov.in/sih2019ProblemStatements1448.html]
[www.sih.gov.in/uploads/logo/20181129145610.png]
[www.sih.gov.in/uploads/logo/20181217150333.png]
[www.sih.gov.in/uploads/logo/20181120161352.jpg]
[www.sih.gov.in/sih2019ProblemStatements1c8b.html]
[www.sih.gov.in/uploads/logo/20181206160932.jpg]
[www.sih.gov.in/uploads/logo/20181205113007.jpg]
[www.sih.gov.in/sih2019ProblemStatements44a3.html]
[www.sih.gov.in/uploads/logo/20181123184615.jpg]
[www.sih.gov.in/uploads/logo/20181123183139.jpg]
[www.sih.gov.in/uploads/logo/20181123183534.jpg]
[www.sih.gov.in/uploads/logo/20181123183726.jpg]
[www.sih.gov.in/uploads/logo/20181123183653.jpg]
[www.sih.gov.in/sih2019ProblemStatements324e.html]
[www.sih.gov.in/uploads/logo/20181120214829.jpg]
[www.sih.gov.in/uploads/logo/20181128164554.jpg]
[www.sih.gov.in/sih2019ProblemStatements7251.html]
[www.sih.gov.in/uploads/logo/20181130155640.jpg]
[www.sih.gov.in/uploads/logo/20181130155954.jpg]
[www.sih.gov.in/uploads/logo/20181130160400.jpg]
[www.sih.gov.in/uploads/logo/20181130160624.jpg]
[www.sih.gov.in/uploads/logo/20181130160827.jpg]
[www.sih.gov.in/uploads/logo/20181130161211.jpg]
[www.sih.gov.in/uploads/logo/20181130161411.jpg]
[www.sih.gov.in/uploads/logo/20181130161626.jpg]
[www.sih.gov.in/uploads/logo/20181130161831.jpg]
[www.sih.gov.in/sih2019ProblemStatementscadd.html]
[www.sih.gov.in/uploads/logo/20181130161941.jpg]
[www.sih.gov.in/uploads/logo/20181130162101.jpg]
[www.sih.gov.in/uploads/logo/20181130162742.jpg]
[www.sih.gov.in/uploads/logo/20181130162916.jpg]
[www.sih.gov.in/uploads/logo/20181130163707.jpg]
[www.sih.gov.in/uploads/logo/20181130163906.jpg]
[www.sih.gov.in/uploads/logo/20181130164059.jpg]
[www.sih.gov.in/uploads/logo/20181130164242.jpg]
[www.sih.gov.in/sih2019ProblemStatements708f.html]
[www.sih.gov.in/uploads/logo/20181130164404.jpg]
[www.sih.gov.in/sih2019ProblemStatements060d.html]
[www.sih.gov.in/uploads/logo/20181130162318.jpg]
[www.sih.gov.in/uploads/logo/20181123183507.jpg]
[www.sih.gov.in/sih2019ProblemStatements89dd.html]
[www.sih.gov.in/uploads/logo/20181128160334.jpg]
[www.sih.gov.in/sih2019ProblemStatementsce37.html]
[www.sih.gov.in/uploads/logo/20181130100851.png]
[www.sih.gov.in/uploads/logo/20181129163338.png]
[www.sih.gov.in/uploads/logo/20181127183448.png]
[www.sih.gov.in/sih2019ProblemStatements8c93.html]
[www.sih.gov.in/uploads/logo/20181128190156.jpg]
[www.sih.gov.in/uploads/logo/20181224145156.png]
[www.sih.gov.in/sih2019ProblemStatementsa7f1.html]
[www.sih.gov.in/uploads/logo/20181123183616.jpg]
[www.sih.gov.in/uploads/logo/20181123183812.jpg]
[www.sih.gov.in/uploads/logo/20181123183836.jpg]
[www.sih.gov.in/uploads/logo/20181123184334.jpg]
[www.sih.gov.in/uploads/logo/20181123184413.jpg]
[www.sih.gov.in/uploads/logo/20181123184548.jpg]
[www.sih.gov.in/uploads/logo/20181123184520.jpg]
[www.sih.gov.in/sih2019ProblemStatements3963.html]
[www.sih.gov.in/uploads/logo/20181123182125.jpg]
[www.sih.gov.in/uploads/logo/20181123182304.jpg]
[www.sih.gov.in/uploads/logo/20181123182433.jpg]
[www.sih.gov.in/uploads/logo/20181123182530.jpg]
[www.sih.gov.in/sih2019ProblemStatementsce8a.html]
[www.sih.gov.in/uploads/logo/20181123182634.jpg]
[www.sih.gov.in/uploads/logo/20181123182701.jpg]
[www.sih.gov.in/uploads/logo/20181123183024.jpg]
[www.sih.gov.in/uploads/logo/20181231165928.jpg]
[www.sih.gov.in/uploads/logo/20181123183229.jpg]
[www.sih.gov.in/uploads/logo/20181123183313.jpg]
[www.sih.gov.in/uploads/logo/20181123183406.jpg]
[www.sih.gov.in/uploads/logo/20181123183443.jpg]
[www.sih.gov.in/sih2019ProblemStatements6c2f.html]
[www.sih.gov.in/img/news-channels/economictimes.html]
[www.sih.gov.in/img/people/Vivek-Kulkarni.html]
[www.sih.gov.in/img/people/anil-paranjape..html]
[www.sih.gov.in/img/partner-supporters/CSIO-Chandigarh..html]
[www.sih.gov.in/img/partner-supporters/IIT_Roorkee..html]
[www.sih.gov.in/img/banner_resources.html]
[www.sih.gov.in/dataTable/images/sort_asc_disabled.html]
[www.sih.gov.in/dataTable/images/sort_desc_disabled.html]
[www.sih.gov.in/uploads/logo/20190107092144.png]
[www.sih.gov.in/sih2019ProblemStatements5760.html]
[www.sih.gov.in/uploads/logo/20181128160609.jpg]
[www.sih.gov.in/uploads/logo/20181129151532.png]
[www.sih.gov.in/sih2019ProblemStatements42a7.html]
[www.sih.gov.in/uploads/logo/20181220093609.jpg]
[www.sih.gov.in/sih2019ProblemStatements5c43.html]
[www.sih.gov.in/uploads/logo/20181123182048.jpg]
[www.sih.gov.in/uploads/logo/20181123181501.jpg]
[www.sih.gov.in/uploads/logo/20181123181941.jpg]
[www.sih.gov.in/uploads/logo/20181123182202.jpg]
[www.sih.gov.in/uploads/logo/20181123182329.jpg]
[www.sih.gov.in/uploads/logo/20181123182406.jpg]
[www.sih.gov.in/uploads/logo/20181123181655.jpg]
[www.sih.gov.in/sih2019ProblemStatements8b08.html]
[www.sih.gov.in/uploads/logo/20181106165300.png]
[www.sih.gov.in/uploads/logo/20181128172006.jpg]
[www.sih.gov.in/sih2019ProblemStatementsf497.html]
[www.sih.gov.in/uploads/logo/20181129174105.png]
[www.sih.gov.in/sih2019ProblemStatements763c.html]
[www.sih.gov.in/student_phone0.html]
[www.sih.gov.in/student_phone1.html]
[www.sih.gov.in/student_phone2.html]
[www.sih.gov.in/student_phone3.html]
[www.sih.gov.in/student_phone4.html]
[www.sih.gov.in/student_phone5.html]
[www.sih.gov.in/uploads/logo/20181105182622.jpg]
[www.sih.gov.in/uploads/logo/20181129082359.jpg]
[www.sih.gov.in/uploads/logo/20181129082521.jpg]
[www.sih.gov.in/sih2019ProblemStatements9683.html]
[www.sih.gov.in/uploads/logo/20181127192717.jpg]
[www.sih.gov.in/uploads/logo/20181213144154.jpg]
[www.sih.gov.in/uploads/logo/20181129111625.png]
[www.sih.gov.in/sih2019ProblemStatements7537.html]
[www.sih.gov.in/uploads/logo/20181215111158.png]
[www.sih.gov.in/uploads/logo/20181129080000.png]
[www.sih.gov.in/uploads/logo/20181112104417.jpg]
[www.sih.gov.in/sih2019ProblemStatementsf62c.html]
[www.sih.gov.in/sih2019ProblemStatements09f5.html]
[www.sih.gov.in/uploads/logo/20181217104700.jpg]
[www.sih.gov.in/uploads/logo/20181224172618.png]
[www.sih.gov.in/sih2019ProblemStatementse51f.html]
[www.sih.gov.in/sih2019ProblemStatementse24e.html]
[www.sih.gov.in/uploads/logo/20181128143326.png]
[www.sih.gov.in/uploads/logo/20181128160812.jpg]
[www.sih.gov.in/uploads/logo/20181203150724.jpg]
[www.sih.gov.in/uploads/logo/20181115100535.png]
[www.sih.gov.in/uploads/logo/20181130123058.jpg]
[www.sih.gov.in/sih2019ProblemStatementse4a7.html]
[www.sih.gov.in/uploads/logo/20181127161611.png]
[www.sih.gov.in/sih2019ProblemStatements3c09.html]
[www.sih.gov.in/uploads/logo/20181227113954.png]
[www.sih.gov.in/uploads/logo/20181226145829.jpg]
[www.sih.gov.in/uploads/logo/20181128133539.jpg]
[www.sih.gov.in/uploads/logo/20181127152819.jpg]
[www.sih.gov.in/sih2019ProblemStatements89ae.html]
[www.sih.gov.in/uploads/logo/20181128161721.png]
[www.sih.gov.in/sih2019ProblemStatementsbd1b.html]
[www.sih.gov.in/uploads/logo/20181216183056.png]
[www.sih.gov.in/uploads/logo/20181219160713.png]
[www.sih.gov.in/sih2019ProblemStatementsdcf3.html]
[www.sih.gov.in/uploads/logo/20181127181024.png]
[www.sih.gov.in/sih2019ProblemStatementsfa9c.html]
[www.sih.gov.in/uploads/logo/20181128162420.jpg]
[www.sih.gov.in/uploads/logo/20181127161827.jpg]
[www.sih.gov.in/uploads/logo/20181213160826.png]
[www.sih.gov.in/sih2019ProblemStatements1d82.html]
[www.sih.gov.in/uploads/logo/20181203120617.jpg]
[www.sih.gov.in/uploads/logo/20181128101943.png]
[www.sih.gov.in/sih2019ProblemStatements8c06.html]
[www.sih.gov.in/uploads/logo/20181129200917.jpg]
[www.sih.gov.in/uploads/logo/20181128114918.jpg]
[www.sih.gov.in/uploads/logo/20181128161245.png]
[www.sih.gov.in/uploads/logo/20181122153247.jpg]
[www.sih.gov.in/sih2019ProblemStatements19d2.html]
[www.sih.gov.in/uploads/logo/20181129113518.png]
[www.sih.gov.in/uploads/logo/20181128225930.png]
[www.sih.gov.in/sih2019ProblemStatementsb385.html]
[www.sih.gov.in/uploads/logo/20181127165633.jpg]
[www.sih.gov.in/uploads/logo/20181127155349.png]
[www.sih.gov.in/sih2019ProblemStatementse459.html]
[www.sih.gov.in/sih2019ProblemStatements219f.html]
[www.sih.gov.in/uploads/logo/20181128103741.png]
[www.sih.gov.in/uploads/logo/20181127233221.png]
[www.sih.gov.in/sih2019ProblemStatements2459.html]
